[2026-07-06T16:37:22.319+0000] {taskinstance.py:1956} INFO - Dependencies all met for dep_context=non-requeueable deps ti=<TaskInstance: dag_etl_camara_diario.update_etl_camara_corrente scheduled__2026-07-05T03:00:00+00:00 [queued]>
[2026-07-06T16:37:22.326+0000] {taskinstance.py:1956} INFO - Dependencies all met for dep_context=requeueable deps ti=<TaskInstance: dag_etl_camara_diario.update_etl_camara_corrente scheduled__2026-07-05T03:00:00+00:00 [queued]>
[2026-07-06T16:37:22.327+0000] {taskinstance.py:2170} INFO - Starting attempt 2 of 3
[2026-07-06T16:37:22.341+0000] {taskinstance.py:2191} INFO - Executing <Task(BashOperator): update_etl_camara_corrente> on 2026-07-05 03:00:00+00:00
[2026-07-06T16:37:22.348+0000] {standard_task_runner.py:60} INFO - Started process 385 to run task
[2026-07-06T16:37:22.350+0000] {standard_task_runner.py:87} INFO - Running: ['***', 'tasks', 'run', 'dag_etl_camara_diario', 'update_etl_camara_corrente', 'scheduled__2026-07-05T03:00:00+00:00', '--job-id', '98', '--raw', '--subdir', 'DAGS_FOLDER/dag_etl_camara_diario.py', '--cfg-path', '/tmp/tmphtewlmwk']
[2026-07-06T16:37:22.352+0000] {standard_task_runner.py:88} INFO - Job 98: Subtask update_etl_camara_corrente
[2026-07-06T16:37:22.403+0000] {task_command.py:423} INFO - Running <TaskInstance: dag_etl_camara_diario.update_etl_camara_corrente scheduled__2026-07-05T03:00:00+00:00 [running]> on host c6872069f5c2
[2026-07-06T16:37:22.486+0000] {taskinstance.py:2480} INFO - Exporting env vars: AIRFLOW_CTX_DAG_OWNER='quemvota' AIRFLOW_CTX_DAG_ID='dag_etl_camara_diario' AIRFLOW_CTX_TASK_ID='update_etl_camara_corrente' AIRFLOW_CTX_EXECUTION_DATE='2026-07-05T03:00:00+00:00' AIRFLOW_CTX_TRY_NUMBER='2' AIRFLOW_CTX_DAG_RUN_ID='scheduled__2026-07-05T03:00:00+00:00'
[2026-07-06T16:37:22.488+0000] {subprocess.py:63} INFO - Tmp dir root location: /tmp
[2026-07-06T16:37:22.488+0000] {subprocess.py:75} INFO - Running command: ['/usr/bin/bash', '-c', 'uv run python etl_camara.py --update']
[2026-07-06T16:37:22.501+0000] {subprocess.py:86} INFO - Output:
[2026-07-06T16:37:22.514+0000] {subprocess.py:93} INFO - error: Failed to initialize cache at `/home/***/.cache/uv`
[2026-07-06T16:37:22.515+0000] {subprocess.py:93} INFO -   Caused by: failed to open file `/home/***/.cache/uv/sdists-v9/.git`: Permission denied (os error 13)
[2026-07-06T16:37:22.515+0000] {subprocess.py:97} INFO - Command exited with return code 2
[2026-07-06T16:37:22.529+0000] {taskinstance.py:2698} ERROR - Task failed with exception
Traceback (most recent call last):
  File "/home/airflow/.local/lib/python3.10/site-packages/airflow/models/taskinstance.py", line 433, in _execute_task
    result = execute_callable(context=context, **execute_callable_kwargs)
  File "/home/airflow/.local/lib/python3.10/site-packages/airflow/operators/bash.py", line 212, in execute
    raise AirflowException(
airflow.exceptions.AirflowException: Bash command failed. The command returned a non-zero exit code 2.
[2026-07-06T16:37:22.532+0000] {taskinstance.py:1138} INFO - Marking task as UP_FOR_RETRY. dag_id=dag_etl_camara_diario, task_id=update_etl_camara_corrente, execution_date=20260705T030000, start_date=20260706T163722, end_date=20260706T163722
[2026-07-06T16:37:22.546+0000] {standard_task_runner.py:107} ERROR - Failed to execute job 98 for task update_etl_camara_corrente (Bash command failed. The command returned a non-zero exit code 2.; 385)
[2026-07-06T16:37:22.563+0000] {local_task_job_runner.py:234} INFO - Task exited with return code 1
[2026-07-06T16:37:22.586+0000] {taskinstance.py:3280} INFO - 0 downstream tasks scheduled from follow-on schedule check
