[2026-07-06T16:41:49.685+0000] {taskinstance.py:1956} INFO - Dependencies all met for dep_context=non-requeueable deps ti=<TaskInstance: dag_enriquecimento_dados.backfill_politicos_detalhes manual__2026-07-06T16:41:48.471263+00:00 [queued]>
[2026-07-06T16:41:49.693+0000] {taskinstance.py:1956} INFO - Dependencies all met for dep_context=requeueable deps ti=<TaskInstance: dag_enriquecimento_dados.backfill_politicos_detalhes manual__2026-07-06T16:41:48.471263+00:00 [queued]>
[2026-07-06T16:41:49.694+0000] {taskinstance.py:2170} INFO - Starting attempt 1 of 2
[2026-07-06T16:41:49.711+0000] {taskinstance.py:2191} INFO - Executing <Task(BashOperator): backfill_politicos_detalhes> on 2026-07-06 16:41:48.471263+00:00
[2026-07-06T16:41:49.718+0000] {standard_task_runner.py:60} INFO - Started process 526 to run task
[2026-07-06T16:41:49.721+0000] {standard_task_runner.py:87} INFO - Running: ['***', 'tasks', 'run', 'dag_enriquecimento_dados', 'backfill_politicos_detalhes', 'manual__2026-07-06T16:41:48.471263+00:00', '--job-id', '99', '--raw', '--subdir', 'DAGS_FOLDER/dag_enriquecimento_dados.py', '--cfg-path', '/tmp/tmpzm2ew101']
[2026-07-06T16:41:49.723+0000] {standard_task_runner.py:88} INFO - Job 99: Subtask backfill_politicos_detalhes
[2026-07-06T16:41:49.776+0000] {task_command.py:423} INFO - Running <TaskInstance: dag_enriquecimento_dados.backfill_politicos_detalhes manual__2026-07-06T16:41:48.471263+00:00 [running]> on host c6872069f5c2
[2026-07-06T16:41:49.873+0000] {taskinstance.py:2480} INFO - Exporting env vars: AIRFLOW_CTX_DAG_OWNER='quemvota' AIRFLOW_CTX_DAG_ID='dag_enriquecimento_dados' AIRFLOW_CTX_TASK_ID='backfill_politicos_detalhes' AIRFLOW_CTX_EXECUTION_DATE='2026-07-06T16:41:48.471263+00:00' AIRFLOW_CTX_TRY_NUMBER='1' AIRFLOW_CTX_DAG_RUN_ID='manual__2026-07-06T16:41:48.471263+00:00'
[2026-07-06T16:41:49.874+0000] {subprocess.py:63} INFO - Tmp dir root location: /tmp
[2026-07-06T16:41:49.874+0000] {subprocess.py:75} INFO - Running command: ['/usr/bin/bash', '-c', 'uv run python backfill_politicos_detalhes.py']
[2026-07-06T16:41:49.887+0000] {subprocess.py:86} INFO - Output:
[2026-07-06T16:41:49.899+0000] {subprocess.py:93} INFO - error: Failed to initialize cache at `/home/***/.cache/uv`
[2026-07-06T16:41:49.900+0000] {subprocess.py:93} INFO -   Caused by: failed to open file `/home/***/.cache/uv/sdists-v9/.git`: Permission denied (os error 13)
[2026-07-06T16:41:49.900+0000] {subprocess.py:97} INFO - Command exited with return code 2
[2026-07-06T16:41:49.914+0000] {taskinstance.py:2698} ERROR - Task failed with exception
Traceback (most recent call last):
  File "/home/airflow/.local/lib/python3.10/site-packages/airflow/models/taskinstance.py", line 433, in _execute_task
    result = execute_callable(context=context, **execute_callable_kwargs)
  File "/home/airflow/.local/lib/python3.10/site-packages/airflow/operators/bash.py", line 212, in execute
    raise AirflowException(
airflow.exceptions.AirflowException: Bash command failed. The command returned a non-zero exit code 2.
[2026-07-06T16:41:49.917+0000] {taskinstance.py:1138} INFO - Marking task as UP_FOR_RETRY. dag_id=dag_enriquecimento_dados, task_id=backfill_politicos_detalhes, execution_date=20260706T164148, start_date=20260706T164149, end_date=20260706T164149
[2026-07-06T16:41:49.934+0000] {standard_task_runner.py:107} ERROR - Failed to execute job 99 for task backfill_politicos_detalhes (Bash command failed. The command returned a non-zero exit code 2.; 526)
[2026-07-06T16:41:49.973+0000] {local_task_job_runner.py:234} INFO - Task exited with return code 1
[2026-07-06T16:41:50.001+0000] {taskinstance.py:3280} INFO - 0 downstream tasks scheduled from follow-on schedule check
